========== New Cold Start Attempt (2026-08-02T15:30:23.4350535+00:00) ==========
2026-08-02T15:30:23.4350535+00:00 ContainerStatus: State: Starting, Action: EstablishingSiteNetworks, LastError: , LastErrorTimestamp: 01/01/0001 00:00:00, LastErrorDetails: , Details: , DetailsLevel: INFO
2026-08-02T15:30:26.1568232+00:00 ContainerStatus: State: Starting, Action: StartingSiteContainers, LastError: , LastErrorTimestamp: 01/01/0001 00:00:00, LastErrorDetails: , Details: , DetailsLevel: INFO
2026-08-02T15:30:26.1668021+00:00 ContainerStatus: Container start method called.
2026-08-02T15:30:26.1842644+00:00 ContainerStatus: State: Starting, Action: PullingImage, LastError: , LastErrorTimestamp: 01/01/0001 00:00:00, LastErrorDetails: , Details: Pulling image 10.1.0.6:13209/azure-app-service/java:21.0.9-r260110 for ahmad-securebank-app., DetailsLevel: INFO
2026-08-02T15:30:26.1846431+00:00 ContainerStatus: Establishing network.
2026-08-02T15:30:26.1850448+00:00 ContainerStatus: Pulling image: azure-app-service/java:21.0.9-r260110.
2026-08-02T15:31:17.3641613+00:00 ContainerStatus: Image azure-app-service/java:21.0.9-r260110 is pulled from registry 10.1.0.6:13209
2026-08-02T15:31:17.3648013+00:00 ContainerStatus: Container is starting.
2026-08-02T15:31:17.3651550+00:00 ContainerStatus: State: Starting, Action: MountingVolumes, LastError: , LastErrorTimestamp: 01/01/0001 00:00:00, LastErrorDetails: , Details: Mounting volumes for ahmad-securebank-app., DetailsLevel: INFO
2026-08-02T15:31:17.3656179+00:00 ContainerStatus: Establishing user namespace if not established already.
2026-08-02T15:31:17.3657708+00:00 ContainerStatus: Establishing network if not established already.
2026-08-02T15:31:17.3660919+00:00 ContainerStatus: Mounting volumes.
2026-08-02T15:31:17.3673104+00:00 ContainerStatus: Nested mountpoint 
2026-08-02T15:31:17.4043223+00:00 ContainerStatus: Nested mountpoint volatile/logs
2026-08-02T15:31:17.4452550+00:00 ContainerStatus: Nested mountpoint 
2026-08-02T15:31:17.5061517+00:00 ContainerStatus: Nested mountpoint 
2026-08-02T15:31:17.5627451+00:00 ContainerStatus: State: Starting, Action: CreatingContainer, LastError: , LastErrorTimestamp: 01/01/0001 00:00:00, LastErrorDetails: , Details: Finished pulling container image and mounting volumes for ahmad-securebank-app. Allocatinng the rest of the container resources to finish container creation., DetailsLevel: INFO
2026-08-02T15:31:17.5628544+00:00 ContainerStatus: Creating container.
2026-08-02T15:31:17.5629312+00:00 ContainerStatus: Creating pipes for streaming container io.
2026-08-02T15:31:17.5629993+00:00 ContainerStatus: Creating stdout named pipe at /podr/container/pipe/c41fc776c9c6_ahmad-securebank-app/stdout_899195cd877b4036bed8138ae44c838a.
2026-08-02T15:31:17.5632894+00:00 ContainerStatus: Successfully created stdout named pipe at: /podr/container/pipe/c41fc776c9c6_ahmad-securebank-app/stdout_899195cd877b4036bed8138ae44c838a.
2026-08-02T15:31:17.5633567+00:00 ContainerStatus: Opening named pipe /podr/container/pipe/c41fc776c9c6_ahmad-securebank-app/stdout_899195cd877b4036bed8138ae44c838a for reading in non-blocking mode.
2026-08-02T15:31:17.5634357+00:00 ContainerStatus: Successfully opened named pipe: /podr/container/pipe/c41fc776c9c6_ahmad-securebank-app/stdout_899195cd877b4036bed8138ae44c838a.
2026-08-02T15:31:17.5634867+00:00 ContainerStatus: Successfully removed non-blocking flag from /podr/container/pipe/c41fc776c9c6_ahmad-securebank-app/stdout_899195cd877b4036bed8138ae44c838a.
2026-08-02T15:31:17.5834180+00:00 ContainerStatus: Creating stderr named pipe at /podr/container/pipe/c41fc776c9c6_ahmad-securebank-app/stderr_c68ed8eba1894f75854e8a6436ae2b4b.
2026-08-02T15:31:17.5908840+00:00 ContainerStatus: Successfully created stderr named pipe at: /podr/container/pipe/c41fc776c9c6_ahmad-securebank-app/stderr_c68ed8eba1894f75854e8a6436ae2b4b.
2026-08-02T15:31:17.5939292+00:00 ContainerStatus: Opening named pipe /podr/container/pipe/c41fc776c9c6_ahmad-securebank-app/stderr_c68ed8eba1894f75854e8a6436ae2b4b for reading in non-blocking mode.
2026-08-02T15:31:17.6306539+00:00 ContainerStatus: Successfully opened named pipe: /podr/container/pipe/c41fc776c9c6_ahmad-securebank-app/stderr_c68ed8eba1894f75854e8a6436ae2b4b.
2026-08-02T15:31:17.6308963+00:00 ContainerStatus: Successfully removed non-blocking flag from /podr/container/pipe/c41fc776c9c6_ahmad-securebank-app/stderr_c68ed8eba1894f75854e8a6436ae2b4b.
2026-08-02T15:31:17.6321851+00:00 ContainerStatus: Creating container with image: azure-app-service/java:21.0.9-r260110 from registry: 10.1.0.6:13209 and fully qualified image name: 10.1.0.6:13209/azure-app-service/java:21.0.9-r260110
2026-08-02T15:31:18.6572971+00:00 ContainerStatus: Starting container: c41fc776c9c6_ahmad-securebank-app.
2026-08-02T15:31:18.7764967+00:00 ContainerStatus: Starting watchers and probes.
2026-08-02T15:31:18.7776231+00:00 ContainerStatus: Starting metrics collection.
2026-08-02T15:31:18.7879442+00:00 ContainerStatus: Container is running.
2026-08-02T15:31:18.7880179+00:00 ContainerStatus: State: Starting, Action: CreatingContainer, LastError: , LastErrorTimestamp: 01/01/0001 00:00:00, LastErrorDetails: , Details: Container ahmad-securebank-app successfully created and is running., DetailsLevel: INFO
2026-08-02T15:31:18.9544951+00:00 ContainerStatus: Container start method finished after 52787 ms.
2026-08-02T15:31:18.9547769+00:00 ContainerStatus: State: Starting, Action: InitiatingSiteWarmUpProbe, LastError: , LastErrorTimestamp: 01/01/0001 00:00:00, LastErrorDetails: , Details: Container ahmad-securebank-app successfully created and is running., DetailsLevel: INFO
2026-08-02T15:31:18.9548412+00:00 ContainerStatus: State: Starting, Action: WaitingForSiteWarmUpProbeSuccess, LastError: , LastErrorTimestamp: 01/01/0001 00:00:00, LastErrorDetails: , Details: Pinging warmup path to ensure container is ready to receive requests., DetailsLevel: INFO
2026-08-02T15:31:19.3313870+00:00 ContainerStream:    _|_|                                            
2026-08-02T15:31:19.3316309+00:00 ContainerStream:  _|    _|  _|_|_|_|  _|    _|  _|  _|_|    _|_|    
2026-08-02T15:31:19.3316500+00:00 ContainerStream:  _|_|_|_|      _|    _|    _|  _|_|      _|_|_|_|  
2026-08-02T15:31:19.3316590+00:00 ContainerStream:  _|    _|    _|      _|    _|  _|        _|        
2026-08-02T15:31:19.3316653+00:00 ContainerStream:  _|    _|  _|_|_|_|    _|_|_|  _|          _|_|_|
2026-08-02T15:31:19.3316813+00:00 ContainerStream: 
2026-08-02T15:31:19.3316890+00:00 ContainerStream:      J A V A   O N   A P P   S E R V I C E
2026-08-02T15:31:19.3317040+00:00 ContainerStream: 
2026-08-02T15:31:19.3317101+00:00 ContainerStream: Documentation: https://aka.ms/appservice
2026-08-02T15:31:19.3317160+00:00 ContainerStream: 
2026-08-02T15:31:19.3317269+00:00 ContainerStream: **NOTE**: No files or system changes outside of /home will persist beyond your application's current session. /home is your application's persistent storage and is shared across all the server instances.
2026-08-02T15:31:19.3317350+00:00 ContainerStream: 
2026-08-02T15:31:19.3317400+00:00 ContainerStream: 
2026-08-02T15:31:19.3787319+00:00 ContainerStream: Determined OS to be: ubuntu
2026-08-02T15:31:19.3787887+00:00 ContainerStream: Updating /etc/ssh/sshd_config to use PORT 2222
2026-08-02T15:31:19.3788570+00:00 ContainerStream: Starting ssh service...
2026-08-02T15:31:19.8993721+00:00 ContainerStream: ssh-keygen: generating new host keys: DSA 
2026-08-02T15:31:20.4616587+00:00 ContainerStream:  * Starting OpenBSD Secure Shell server sshd
2026-08-02T15:31:20.5716406+00:00 ContainerStream:    ...done.
2026-08-02T15:31:20.9957189+00:00 ContainerStream:  * sshd is running
2026-08-02T15:31:21.0350371+00:00 ContainerStream: ## Printing build info...
2026-08-02T15:31:21.0365013+00:00 ContainerStream:                                            PACKAGE |                             VERSION | COMMIT
2026-08-02T15:31:21.0365229+00:00 ContainerStream:        Microsoft.AppService.WebsitesExtensionsJava |                        1.0.03290234 | ae284a4
2026-08-02T15:31:21.0365305+00:00 ContainerStream:                                               self |                        1.0.03296336 | 76247a61
2026-08-02T15:31:21.0365427+00:00 ContainerStream: ## Done printing build info.
2026-08-02T15:31:21.1250120+00:00 ContainerStream: Container info: WEBSITE_INSTANCE_ID = 7d4ee311498b261eb996c3c5566ae5bbd227759952a6214551a3ab4312f134f3 ; WEBSITE_SITE_NAME = ahmad-securebank-app
2026-08-02T15:31:21.1254371+00:00 ContainerStream: Add public certificates to keystore if exists...
2026-08-02T15:31:21.1254713+00:00 ContainerStream: Add private certificates to keystore if exists...
2026-08-02T15:31:21.1254777+00:00 ContainerStream: Configuring max heap = 1299 MB
2026-08-02T15:31:21.4572458+00:00 ContainerStream: STARTUP_FILE=
2026-08-02T15:31:21.4573108+00:00 ContainerStream: STARTUP_COMMAND=
2026-08-02T15:31:21.4573177+00:00 ContainerStream: No STARTUP_FILE available.
2026-08-02T15:31:21.4573225+00:00 ContainerStream: No STARTUP_COMMAND defined.
2026-08-02T15:31:21.7815036+00:00 ContainerStream: Could not find an excecutable jar in /home/site/wwwroot/ or any subdirectory. Using default parking page at /usr/local/appservice/parkingpage.jar
2026-08-02T15:31:26.1048918+00:00 ContainerStream: Mangled result from Jar entry point parser is: __COM_MICROSOFT_AZURE_APPSERVICE_JARENTRYPOINT_PREFIX__com.microsoft.azure.appservice.parkingpage.Main__COM_MICROSOFT_AZURE_APPSERVICE_JARENTRYPOINT_SUFFIX__
2026-08-02T15:31:26.2931931+00:00 ContainerStream: Extracted jar entry point. Class name is: 'com.microsoft.azure.appservice.parkingpage.Main'
2026-08-02T15:31:26.3609595+00:00 ContainerStream: Defaulting to UTF-8
2026-08-02T15:31:26.3610315+00:00 ContainerStream: Running command: java -cp /usr/local/appservice/parkingpage.jar:/usr/local/appservice/lib/azure.appservice.jar: -Djava.util.logging.config.file=/usr/local/appservice/logging.properties -Dfile.encoding=UTF-8 -Xmx1299M -Djava.net.preferIPv4Stack=true  -Dserver.port=80 -XX:ErrorFile=/home/LogFiles/java_error_ahmad-securebank-app_lw1sdlwk0002LH_%p.log -XX:+CrashOnOutOfMemoryError -XX:+HeapDumpOnOutOfMemoryError -XX:HeapDumpPath=/home/LogFiles/java_memdump_ahmad-securebank-app_lw1sdlwk0002LH.log -Duser.dir=/usr/local/appservice com.microsoft.azure.appservice.parkingpage.Main
2026-08-02T15:31:26.3610482+00:00 ContainerStream: Launched child process with pid: 75
2026-08-02T15:31:26.4516181+00:00 ContainerStream: [Telemetry] APP_JAR_PATH: /usr/local/appservice/parkingpage.jar:/usr/local/appservice/lib/azure.appservice.jar
2026-08-02T15:31:26.4516700+00:00 ContainerStream: x-ms-applog:informational:base64:QVBQX0pBUl9QQVRIOiAvdXNyL2xvY2FsL2FwcHNlcnZpY2UvcGFya2luZ3BhZ2UuamFyOi91c3IvbG9jYWwvYXBwc2VydmljZS9saWIvYXp1cmUuYXBwc2VydmljZS5qYXI=
2026-08-02T15:31:26.4516794+00:00 ContainerStream: x-ms-telemetry:informational:base64:QVBQX0pBUl9QQVRIOiAvdXNyL2xvY2FsL2FwcHNlcnZpY2UvcGFya2luZ3BhZ2UuamFyOi91c3IvbG9jYWwvYXBwc2VydmljZS9saWIvYXp1cmUuYXBwc2VydmljZS5qYXI=
2026-08-02T15:31:26.9564028+00:00 ContainerStream: [Telemetry] JARs in /usr/local/appservice/parkingpage.jar: 
2026-08-02T15:31:26.9564985+00:00 ContainerStream: x-ms-applog:informational:base64:SkFScyBpbiAvdXNyL2xvY2FsL2FwcHNlcnZpY2UvcGFya2luZ3BhZ2UuamFyOiA=
2026-08-02T15:31:26.9565068+00:00 ContainerStream: x-ms-telemetry:informational:base64:SkFScyBpbiAvdXNyL2xvY2FsL2FwcHNlcnZpY2UvcGFya2luZ3BhZ2UuamFyOiA=
2026-08-02T15:31:26.9565121+00:00 ContainerStream: Waiting for main process to exit. GLOBAL_PID_MAIN=75
2026-08-02T15:31:26.9565174+00:00 ContainerStream: Waiting for GLOBAL_PID_MAIN == 75
2026-08-02T15:31:30.8354768+00:00 ContainerStatus: Site startup probe succeeded after 11.7406747 seconds.
2026-08-02T15:31:31.0399446+00:00 ContainerStatus: State: Starting, Action: WarmUpProbeSucceeded, LastError: , LastErrorTimestamp: 01/01/0001 00:00:00, LastErrorDetails: , Details: Site startup probe succeeded after 11.7406747 seconds., DetailsLevel: INFO
